// Vitest Snapshot v1, https://vitest.dev/guide/snapshot.html

exports[`codegen > element 1`] = `
"import { createElementBlock as _createElementBlock } from 'vue'
return function render(_ctx, _cache) {return _createElementBlock(div)}"
`;

exports[`codegen > interpolation 1`] = `
"import { toDisplayString as _toDisplayString } from 'vue'
return function render(_ctx, _cache) {return _toDisplayString(return _ctx.message)}"
`;

exports[`codegen > string 1`] = `"return function render(_ctx, _cache) {return hi}"`;
